
> app-temp@0.1.0 build
> next build

  Ôû▓ Next.js 14.2.35
  - Environments: .env.local

   Creating an optimized production build ...
 Ô£ô Compiled successfully
   Linting and checking validity of types ...
node.exe : Failed to 
compile.
Au caractère Ligne:1 : 1
+ & "C:\Program 
Files\nodejs/node.exe" 
"C:\Program 
Files\nodejs/node_mo ...
+ ~~~~~~~~~~~~~~~~~~~~~~~~
~~~~~~~~~~~~~~~~~~~~~~~~~~
~~~~~~~~~~~~~~~~~~~
    + CategoryInfo        
      : NotSpecified: (F  
  ailed to compile.:Str   
 ing) [], RemoteExcept    
ion
    + FullyQualifiedError 
   Id : NativeCommandErr  
  or
 

./components/helpdesk/Tick
etDetail.tsx:30:17
Type error: This 
comparison appears to be 
unintentional because the 
types 'TicketStatus' and 
'"En cours"' have no 
overlap.

[0m [90m 28 |[39m      
       [36mconst[39m 
updates[33m:[39m [33mRe
cord[39m[33m<[39m[33ms
tring[39m[33m,[39m 
any[33m>[39m 
[33m=[39m { 
status[33m:[39m 
newStatus }[0m
[0m [90m 29 |[39m[0m
[0m[31m[1m>[22m[39m[
90m 30 |[39m             
[36mif[39m (newStatus 
[33m===[39m [32m'En 
cours'[39m [33m&&[39m 
[33m![39mticket[33m.[39
massigned_to) {[0m
[0m [90m    |[39m      
           
[31m[1m^[22m[39m[0m
[0m [90m 31 |[39m      
           [90m// In a 
real app we might assign 
to the current user, or 
require an assignee 
first[39m[0m
[0m [90m 32 |[39m      
           [90m// For 
now, allow the state 
change[39m[0m
[0m [90m 33 |[39m      
       }[0m
Next.js build worker 
exited with code: 1 and 
signal: null
